// Jest Snapshot v1, https://goo.gl/fbAQLP

exports[`Searchresults component renders 1`] = `ShallowWrapper {}`;

exports[`Searchresults component when articles is empty 1`] = `ShallowWrapper {}`;
