// Jest Snapshot v1, https://goo.gl/fbAQLP

exports[`App should render correctle 1`] = `ShallowWrapper {}`;
